// Jest Snapshot v1, https://goo.gl/fbAQLP

exports[`Root renders 1`] = `
<main>
  おはようございます。
</main>
`;
